[2024-08-29T01:19:52.572+0700][gc,heap] Heap region size: 1M
[2024-08-29T01:19:52.592+0700][gc     ] Using G1
[2024-08-29T01:19:52.592+0700][gc,heap,coops] Heap address: 0x00000000c0000000, size: 1024 MB, Compressed Oops mode: 32-bit
[2024-08-29T01:19:53.492+0700][gc,start     ] GC(0) Pause Young (Normal) (G1 Evacuation Pause)
[2024-08-29T01:19:53.492+0700][gc,task      ] GC(0) Using 10 workers of 10 for evacuation
[2024-08-29T01:19:53.496+0700][gc,phases    ] GC(0)   Pre Evacuate Collection Set: 0.0ms
[2024-08-29T01:19:53.496+0700][gc,phases    ] GC(0)   Evacuate Collection Set: 3.4ms
[2024-08-29T01:19:53.496+0700][gc,phases    ] GC(0)   Post Evacuate Collection Set: 0.4ms
[2024-08-29T01:19:53.496+0700][gc,phases    ] GC(0)   Other: 0.4ms
[2024-08-29T01:19:53.496+0700][gc,heap      ] GC(0) Eden regions: 51->0(44)
[2024-08-29T01:19:53.496+0700][gc,heap      ] GC(0) Survivor regions: 0->7(7)
[2024-08-29T01:19:53.496+0700][gc,heap      ] GC(0) Old regions: 0->1
[2024-08-29T01:19:53.496+0700][gc,heap      ] GC(0) Archive regions: 0->0
[2024-08-29T01:19:53.496+0700][gc,heap      ] GC(0) Humongous regions: 0->0
[2024-08-29T01:19:53.496+0700][gc,metaspace ] GC(0) Metaspace: 20670K(21248K)->20670K(21248K) NonClass: 18135K(18432K)->18135K(18432K) Class: 2534K(2816K)->2534K(2816K)
[2024-08-29T01:19:53.496+0700][gc           ] GC(0) Pause Young (Normal) (G1 Evacuation Pause) 51M->7M(1024M) 4.525ms
[2024-08-29T01:19:53.496+0700][gc,cpu       ] GC(0) User=0.00s Sys=0.00s Real=0.00s
[2024-08-29T01:19:53.497+0700][gc,start     ] GC(1) Pause Young (Concurrent Start) (Metadata GC Threshold)
[2024-08-29T01:19:53.497+0700][gc,task      ] GC(1) Using 10 workers of 10 for evacuation
[2024-08-29T01:19:53.501+0700][gc,phases    ] GC(1)   Pre Evacuate Collection Set: 0.0ms
[2024-08-29T01:19:53.501+0700][gc,phases    ] GC(1)   Evacuate Collection Set: 3.4ms
[2024-08-29T01:19:53.501+0700][gc,phases    ] GC(1)   Post Evacuate Collection Set: 0.2ms
[2024-08-29T01:19:53.501+0700][gc,phases    ] GC(1)   Other: 0.2ms
[2024-08-29T01:19:53.501+0700][gc,heap      ] GC(1) Eden regions: 1->0(50)
[2024-08-29T01:19:53.501+0700][gc,heap      ] GC(1) Survivor regions: 7->1(7)
[2024-08-29T01:19:53.501+0700][gc,heap      ] GC(1) Old regions: 1->8
[2024-08-29T01:19:53.501+0700][gc,heap      ] GC(1) Archive regions: 0->0
[2024-08-29T01:19:53.501+0700][gc,heap      ] GC(1) Humongous regions: 0->0
[2024-08-29T01:19:53.501+0700][gc,metaspace ] GC(1) Metaspace: 20699K(21248K)->20699K(21248K) NonClass: 18162K(18432K)->18162K(18432K) Class: 2536K(2816K)->2536K(2816K)
[2024-08-29T01:19:53.501+0700][gc           ] GC(1) Pause Young (Concurrent Start) (Metadata GC Threshold) 8M->8M(1024M) 3.876ms
[2024-08-29T01:19:53.501+0700][gc,cpu       ] GC(1) User=0.00s Sys=0.00s Real=0.00s
[2024-08-29T01:19:53.501+0700][gc           ] GC(2) Concurrent Cycle
[2024-08-29T01:19:53.501+0700][gc,marking   ] GC(2) Concurrent Clear Claimed Marks
[2024-08-29T01:19:53.501+0700][gc,marking   ] GC(2) Concurrent Clear Claimed Marks 0.018ms
[2024-08-29T01:19:53.501+0700][gc,marking   ] GC(2) Concurrent Scan Root Regions
[2024-08-29T01:19:53.501+0700][gc,marking   ] GC(2) Concurrent Scan Root Regions 0.059ms
[2024-08-29T01:19:53.501+0700][gc,marking   ] GC(2) Concurrent Mark (0.937s)
[2024-08-29T01:19:53.501+0700][gc,marking   ] GC(2) Concurrent Mark From Roots
[2024-08-29T01:19:53.501+0700][gc,task      ] GC(2) Using 3 workers of 3 for marking
[2024-08-29T01:19:53.504+0700][gc,marking   ] GC(2) Concurrent Mark From Roots 1.964ms
[2024-08-29T01:19:53.504+0700][gc,marking   ] GC(2) Concurrent Preclean
[2024-08-29T01:19:53.504+0700][gc,marking   ] GC(2) Concurrent Preclean 0.076ms
[2024-08-29T01:19:53.504+0700][gc,marking   ] GC(2) Concurrent Mark (0.937s, 0.939s) 2.084ms
[2024-08-29T01:19:53.505+0700][gc,start     ] GC(2) Pause Remark
[2024-08-29T01:19:53.505+0700][gc,stringtable] GC(2) Cleaned string and symbol table, strings: 8169 processed, 0 removed, symbols: 67677 processed, 41 removed
[2024-08-29T01:19:53.506+0700][gc            ] GC(2) Pause Remark 8M->8M(1024M) 1.159ms
[2024-08-29T01:19:53.506+0700][gc,cpu        ] GC(2) User=0.00s Sys=0.00s Real=0.00s
[2024-08-29T01:19:53.506+0700][gc,marking    ] GC(2) Concurrent Rebuild Remembered Sets
[2024-08-29T01:19:53.507+0700][gc,marking    ] GC(2) Concurrent Rebuild Remembered Sets 0.900ms
[2024-08-29T01:19:53.507+0700][gc,start      ] GC(2) Pause Cleanup
[2024-08-29T01:19:53.507+0700][gc            ] GC(2) Pause Cleanup 8M->8M(1024M) 0.066ms
[2024-08-29T01:19:53.507+0700][gc,cpu        ] GC(2) User=0.00s Sys=0.00s Real=0.00s
[2024-08-29T01:19:53.507+0700][gc,marking    ] GC(2) Concurrent Cleanup for Next Mark
[2024-08-29T01:19:53.508+0700][gc,marking    ] GC(2) Concurrent Cleanup for Next Mark 0.886ms
[2024-08-29T01:19:53.508+0700][gc            ] GC(2) Concurrent Cycle 6.046ms
[2024-08-29T01:19:53.878+0700][gc,start      ] GC(3) Pause Young (Normal) (G1 Evacuation Pause)
[2024-08-29T01:19:53.879+0700][gc,task       ] GC(3) Using 10 workers of 10 for evacuation
[2024-08-29T01:19:53.880+0700][gc,phases     ] GC(3)   Pre Evacuate Collection Set: 0.0ms
[2024-08-29T01:19:53.880+0700][gc,phases     ] GC(3)   Evacuate Collection Set: 1.5ms
[2024-08-29T01:19:53.880+0700][gc,phases     ] GC(3)   Post Evacuate Collection Set: 0.3ms
[2024-08-29T01:19:53.880+0700][gc,phases     ] GC(3)   Other: 0.1ms
[2024-08-29T01:19:53.880+0700][gc,heap       ] GC(3) Eden regions: 50->0(48)
[2024-08-29T01:19:53.880+0700][gc,heap       ] GC(3) Survivor regions: 1->3(7)
[2024-08-29T01:19:53.880+0700][gc,heap       ] GC(3) Old regions: 8->8
[2024-08-29T01:19:53.880+0700][gc,heap       ] GC(3) Archive regions: 0->0
[2024-08-29T01:19:53.880+0700][gc,heap       ] GC(3) Humongous regions: 0->0
[2024-08-29T01:19:53.881+0700][gc,metaspace  ] GC(3) Metaspace: 28625K(29440K)->28625K(29440K) NonClass: 25319K(25856K)->25319K(25856K) Class: 3306K(3584K)->3306K(3584K)
[2024-08-29T01:19:53.881+0700][gc            ] GC(3) Pause Young (Normal) (G1 Evacuation Pause) 58M->10M(1024M) 2.046ms
[2024-08-29T01:19:53.881+0700][gc,cpu        ] GC(3) User=0.00s Sys=0.00s Real=0.00s
[2024-08-29T01:19:54.398+0700][gc,start      ] GC(4) Pause Young (Concurrent Start) (Metadata GC Threshold)
[2024-08-29T01:19:54.398+0700][gc,task       ] GC(4) Using 10 workers of 10 for evacuation
[2024-08-29T01:19:54.401+0700][gc,phases     ] GC(4)   Pre Evacuate Collection Set: 0.1ms
[2024-08-29T01:19:54.401+0700][gc,phases     ] GC(4)   Evacuate Collection Set: 1.8ms
[2024-08-29T01:19:54.401+0700][gc,phases     ] GC(4)   Post Evacuate Collection Set: 0.3ms
[2024-08-29T01:19:54.401+0700][gc,phases     ] GC(4)   Other: 0.1ms
[2024-08-29T01:19:54.401+0700][gc,heap       ] GC(4) Eden regions: 40->0(47)
[2024-08-29T01:19:54.401+0700][gc,heap       ] GC(4) Survivor regions: 3->4(7)
[2024-08-29T01:19:54.401+0700][gc,heap       ] GC(4) Old regions: 8->8
[2024-08-29T01:19:54.401+0700][gc,heap       ] GC(4) Archive regions: 0->0
[2024-08-29T01:19:54.401+0700][gc,heap       ] GC(4) Humongous regions: 0->0
[2024-08-29T01:19:54.401+0700][gc,metaspace  ] GC(4) Metaspace: 34873K(35840K)->34873K(35840K) NonClass: 30760K(31232K)->30760K(31232K) Class: 4113K(4608K)->4113K(4608K)
[2024-08-29T01:19:54.401+0700][gc            ] GC(4) Pause Young (Concurrent Start) (Metadata GC Threshold) 49M->11M(1024M) 2.423ms
[2024-08-29T01:19:54.401+0700][gc,cpu        ] GC(4) User=0.00s Sys=0.00s Real=0.00s
[2024-08-29T01:19:54.401+0700][gc            ] GC(5) Concurrent Cycle
[2024-08-29T01:19:54.401+0700][gc,marking    ] GC(5) Concurrent Clear Claimed Marks
[2024-08-29T01:19:54.401+0700][gc,marking    ] GC(5) Concurrent Clear Claimed Marks 0.019ms
[2024-08-29T01:19:54.401+0700][gc,marking    ] GC(5) Concurrent Scan Root Regions
[2024-08-29T01:19:54.402+0700][gc,marking    ] GC(5) Concurrent Scan Root Regions 1.009ms
[2024-08-29T01:19:54.402+0700][gc,marking    ] GC(5) Concurrent Mark (1.837s)
[2024-08-29T01:19:54.402+0700][gc,marking    ] GC(5) Concurrent Mark From Roots
[2024-08-29T01:19:54.402+0700][gc,task       ] GC(5) Using 3 workers of 3 for marking
[2024-08-29T01:19:54.403+0700][gc,marking    ] GC(5) Concurrent Mark From Roots 2.054ms
[2024-08-29T01:19:54.404+0700][gc,marking    ] GC(5) Concurrent Preclean
[2024-08-29T01:19:54.404+0700][gc,marking    ] GC(5) Concurrent Preclean 0.082ms
[2024-08-29T01:19:54.404+0700][gc,marking    ] GC(5) Concurrent Mark (1.837s, 1.840s) 2.221ms
[2024-08-29T01:19:54.404+0700][gc,start      ] GC(5) Pause Remark
[2024-08-29T01:19:54.406+0700][gc,stringtable] GC(5) Cleaned string and symbol table, strings: 12655 processed, 13 removed, symbols: 101596 processed, 33 removed
[2024-08-29T01:19:54.406+0700][gc            ] GC(5) Pause Remark 12M->12M(1024M) 1.243ms
[2024-08-29T01:19:54.406+0700][gc,cpu        ] GC(5) User=0.00s Sys=0.00s Real=0.00s
[2024-08-29T01:19:54.406+0700][gc,marking    ] GC(5) Concurrent Rebuild Remembered Sets
[2024-08-29T01:19:54.407+0700][gc,marking    ] GC(5) Concurrent Rebuild Remembered Sets 1.054ms
[2024-08-29T01:19:54.407+0700][gc,start      ] GC(5) Pause Cleanup
[2024-08-29T01:19:54.407+0700][gc            ] GC(5) Pause Cleanup 12M->12M(1024M) 0.068ms
[2024-08-29T01:19:54.407+0700][gc,cpu        ] GC(5) User=0.00s Sys=0.00s Real=0.00s
[2024-08-29T01:19:54.407+0700][gc,marking    ] GC(5) Concurrent Cleanup for Next Mark
[2024-08-29T01:19:54.407+0700][gc,marking    ] GC(5) Concurrent Cleanup for Next Mark 0.807ms
[2024-08-29T01:19:54.407+0700][gc            ] GC(5) Concurrent Cycle 6.793ms
[2024-08-29T01:19:54.673+0700][gc,start      ] GC(6) Pause Young (Normal) (G1 Evacuation Pause)
[2024-08-29T01:19:54.673+0700][gc,task       ] GC(6) Using 10 workers of 10 for evacuation
[2024-08-29T01:19:54.676+0700][gc,phases     ] GC(6)   Pre Evacuate Collection Set: 0.0ms
[2024-08-29T01:19:54.676+0700][gc,phases     ] GC(6)   Evacuate Collection Set: 2.7ms
[2024-08-29T01:19:54.676+0700][gc,phases     ] GC(6)   Post Evacuate Collection Set: 0.3ms
[2024-08-29T01:19:54.676+0700][gc,phases     ] GC(6)   Other: 0.2ms
[2024-08-29T01:19:54.676+0700][gc,heap       ] GC(6) Eden regions: 47->0(47)
[2024-08-29T01:19:54.676+0700][gc,heap       ] GC(6) Survivor regions: 4->4(7)
[2024-08-29T01:19:54.676+0700][gc,heap       ] GC(6) Old regions: 8->11
[2024-08-29T01:19:54.676+0700][gc,heap       ] GC(6) Archive regions: 0->0
[2024-08-29T01:19:54.676+0700][gc,heap       ] GC(6) Humongous regions: 9->9
[2024-08-29T01:19:54.676+0700][gc,metaspace  ] GC(6) Metaspace: 41813K(43136K)->41813K(43136K) NonClass: 36844K(37632K)->36844K(37632K) Class: 4969K(5504K)->4969K(5504K)
[2024-08-29T01:19:54.677+0700][gc            ] GC(6) Pause Young (Normal) (G1 Evacuation Pause) 67M->22M(1024M) 3.315ms
[2024-08-29T01:19:54.677+0700][gc,cpu        ] GC(6) User=0.00s Sys=0.00s Real=0.00s
[2024-08-29T01:19:55.662+0700][gc,start      ] GC(7) Pause Young (Normal) (G1 Evacuation Pause)
[2024-08-29T01:19:55.662+0700][gc,task       ] GC(7) Using 10 workers of 10 for evacuation
[2024-08-29T01:19:55.665+0700][gc,phases     ] GC(7)   Pre Evacuate Collection Set: 0.0ms
[2024-08-29T01:19:55.665+0700][gc,phases     ] GC(7)   Evacuate Collection Set: 2.4ms
[2024-08-29T01:19:55.665+0700][gc,phases     ] GC(7)   Post Evacuate Collection Set: 0.4ms
[2024-08-29T01:19:55.665+0700][gc,phases     ] GC(7)   Other: 0.2ms
[2024-08-29T01:19:55.665+0700][gc,heap       ] GC(7) Eden regions: 47->0(44)
[2024-08-29T01:19:55.665+0700][gc,heap       ] GC(7) Survivor regions: 4->7(7)
[2024-08-29T01:19:55.665+0700][gc,heap       ] GC(7) Old regions: 11->11
[2024-08-29T01:19:55.665+0700][gc,heap       ] GC(7) Archive regions: 0->0
[2024-08-29T01:19:55.665+0700][gc,heap       ] GC(7) Humongous regions: 138->138
[2024-08-29T01:19:55.665+0700][gc,metaspace  ] GC(7) Metaspace: 46605K(48256K)->46605K(48256K) NonClass: 41095K(41984K)->41095K(41984K) Class: 5510K(6272K)->5510K(6272K)
[2024-08-29T01:19:55.665+0700][gc            ] GC(7) Pause Young (Normal) (G1 Evacuation Pause) 198M->155M(1024M) 3.092ms
[2024-08-29T01:19:55.665+0700][gc,cpu        ] GC(7) User=0.00s Sys=0.00s Real=0.00s
[2024-08-29T01:20:08.142+0700][gc,heap,exit  ] Heap
[2024-08-29T01:20:08.142+0700][gc,heap,exit  ]  garbage-first heap   total 1048576K, used 198197K [0x00000000c0000000, 0x0000000100000000)
[2024-08-29T01:20:08.142+0700][gc,heap,exit  ]   region size 1024K, 40 young (40960K), 7 survivors (7168K)
[2024-08-29T01:20:08.142+0700][gc,heap,exit  ]  Metaspace       used 49762K, capacity 51846K, committed 52096K, reserved 1093632K
[2024-08-29T01:20:08.142+0700][gc,heap,exit  ]   class space    used 6257K, capacity 7217K, committed 7296K, reserved 1048576K
