[2024-08-29T01:20:30.548+0700][gc,heap] Heap region size: 1M
[2024-08-29T01:20:30.565+0700][gc     ] Using G1
[2024-08-29T01:20:30.565+0700][gc,heap,coops] Heap address: 0x00000000c0000000, size: 1024 MB, Compressed Oops mode: 32-bit
[2024-08-29T01:20:31.447+0700][gc,start     ] GC(0) Pause Young (Normal) (G1 Evacuation Pause)
[2024-08-29T01:20:31.448+0700][gc,task      ] GC(0) Using 10 workers of 10 for evacuation
[2024-08-29T01:20:31.451+0700][gc,phases    ] GC(0)   Pre Evacuate Collection Set: 0.0ms
[2024-08-29T01:20:31.451+0700][gc,phases    ] GC(0)   Evacuate Collection Set: 2.9ms
[2024-08-29T01:20:31.452+0700][gc,phases    ] GC(0)   Post Evacuate Collection Set: 0.3ms
[2024-08-29T01:20:31.452+0700][gc,phases    ] GC(0)   Other: 0.5ms
[2024-08-29T01:20:31.452+0700][gc,heap      ] GC(0) Eden regions: 51->0(44)
[2024-08-29T01:20:31.452+0700][gc,heap      ] GC(0) Survivor regions: 0->7(7)
[2024-08-29T01:20:31.452+0700][gc,heap      ] GC(0) Old regions: 0->1
[2024-08-29T01:20:31.452+0700][gc,heap      ] GC(0) Archive regions: 0->0
[2024-08-29T01:20:31.452+0700][gc,heap      ] GC(0) Humongous regions: 0->0
[2024-08-29T01:20:31.452+0700][gc,metaspace ] GC(0) Metaspace: 20665K(21248K)->20665K(21248K) NonClass: 18131K(18432K)->18131K(18432K) Class: 2534K(2816K)->2534K(2816K)
[2024-08-29T01:20:31.452+0700][gc           ] GC(0) Pause Young (Normal) (G1 Evacuation Pause) 51M->7M(1024M) 4.040ms
[2024-08-29T01:20:31.452+0700][gc,cpu       ] GC(0) User=0.00s Sys=0.00s Real=0.00s
[2024-08-29T01:20:31.452+0700][gc,start     ] GC(1) Pause Young (Concurrent Start) (Metadata GC Threshold)
[2024-08-29T01:20:31.452+0700][gc,task      ] GC(1) Using 10 workers of 10 for evacuation
[2024-08-29T01:20:31.455+0700][gc,phases    ] GC(1)   Pre Evacuate Collection Set: 0.0ms
[2024-08-29T01:20:31.455+0700][gc,phases    ] GC(1)   Evacuate Collection Set: 2.2ms
[2024-08-29T01:20:31.455+0700][gc,phases    ] GC(1)   Post Evacuate Collection Set: 0.2ms
[2024-08-29T01:20:31.455+0700][gc,phases    ] GC(1)   Other: 0.1ms
[2024-08-29T01:20:31.455+0700][gc,heap      ] GC(1) Eden regions: 1->0(50)
[2024-08-29T01:20:31.455+0700][gc,heap      ] GC(1) Survivor regions: 7->1(7)
[2024-08-29T01:20:31.455+0700][gc,heap      ] GC(1) Old regions: 1->8
[2024-08-29T01:20:31.455+0700][gc,heap      ] GC(1) Archive regions: 0->0
[2024-08-29T01:20:31.455+0700][gc,heap      ] GC(1) Humongous regions: 0->0
[2024-08-29T01:20:31.455+0700][gc,metaspace ] GC(1) Metaspace: 20698K(21248K)->20698K(21248K) NonClass: 18160K(18432K)->18160K(18432K) Class: 2537K(2816K)->2537K(2816K)
[2024-08-29T01:20:31.455+0700][gc           ] GC(1) Pause Young (Concurrent Start) (Metadata GC Threshold) 8M->8M(1024M) 2.716ms
[2024-08-29T01:20:31.455+0700][gc,cpu       ] GC(1) User=0.00s Sys=0.00s Real=0.00s
[2024-08-29T01:20:31.455+0700][gc           ] GC(2) Concurrent Cycle
[2024-08-29T01:20:31.455+0700][gc,marking   ] GC(2) Concurrent Clear Claimed Marks
[2024-08-29T01:20:31.455+0700][gc,marking   ] GC(2) Concurrent Clear Claimed Marks 0.018ms
[2024-08-29T01:20:31.455+0700][gc,marking   ] GC(2) Concurrent Scan Root Regions
[2024-08-29T01:20:31.455+0700][gc,marking   ] GC(2) Concurrent Scan Root Regions 0.061ms
[2024-08-29T01:20:31.455+0700][gc,marking   ] GC(2) Concurrent Mark (0.915s)
[2024-08-29T01:20:31.455+0700][gc,marking   ] GC(2) Concurrent Mark From Roots
[2024-08-29T01:20:31.455+0700][gc,task      ] GC(2) Using 3 workers of 3 for marking
[2024-08-29T01:20:31.457+0700][gc,marking   ] GC(2) Concurrent Mark From Roots 1.994ms
[2024-08-29T01:20:31.457+0700][gc,marking   ] GC(2) Concurrent Preclean
[2024-08-29T01:20:31.457+0700][gc,marking   ] GC(2) Concurrent Preclean 0.092ms
[2024-08-29T01:20:31.457+0700][gc,marking   ] GC(2) Concurrent Mark (0.915s, 0.918s) 2.142ms
[2024-08-29T01:20:31.457+0700][gc,start     ] GC(2) Pause Remark
[2024-08-29T01:20:31.458+0700][gc,stringtable] GC(2) Cleaned string and symbol table, strings: 8174 processed, 0 removed, symbols: 67680 processed, 40 removed
[2024-08-29T01:20:31.458+0700][gc            ] GC(2) Pause Remark 8M->8M(1024M) 1.150ms
[2024-08-29T01:20:31.458+0700][gc,cpu        ] GC(2) User=0.00s Sys=0.00s Real=0.00s
[2024-08-29T01:20:31.458+0700][gc,marking    ] GC(2) Concurrent Rebuild Remembered Sets
[2024-08-29T01:20:31.459+0700][gc,marking    ] GC(2) Concurrent Rebuild Remembered Sets 1.031ms
[2024-08-29T01:20:31.461+0700][gc,start      ] GC(2) Pause Cleanup
[2024-08-29T01:20:31.461+0700][gc            ] GC(2) Pause Cleanup 9M->9M(1024M) 0.080ms
[2024-08-29T01:20:31.461+0700][gc,cpu        ] GC(2) User=0.00s Sys=0.00s Real=0.00s
[2024-08-29T01:20:31.461+0700][gc,marking    ] GC(2) Concurrent Cleanup for Next Mark
[2024-08-29T01:20:31.461+0700][gc,marking    ] GC(2) Concurrent Cleanup for Next Mark 0.925ms
[2024-08-29T01:20:31.461+0700][gc            ] GC(2) Concurrent Cycle 5.920ms
[2024-08-29T01:20:31.779+0700][gc,start      ] GC(3) Pause Young (Normal) (G1 Evacuation Pause)
[2024-08-29T01:20:31.779+0700][gc,task       ] GC(3) Using 10 workers of 10 for evacuation
[2024-08-29T01:20:31.781+0700][gc,phases     ] GC(3)   Pre Evacuate Collection Set: 0.0ms
[2024-08-29T01:20:31.781+0700][gc,phases     ] GC(3)   Evacuate Collection Set: 1.5ms
[2024-08-29T01:20:31.781+0700][gc,phases     ] GC(3)   Post Evacuate Collection Set: 0.2ms
[2024-08-29T01:20:31.781+0700][gc,phases     ] GC(3)   Other: 0.1ms
[2024-08-29T01:20:31.781+0700][gc,heap       ] GC(3) Eden regions: 50->0(48)
[2024-08-29T01:20:31.781+0700][gc,heap       ] GC(3) Survivor regions: 1->3(7)
[2024-08-29T01:20:31.781+0700][gc,heap       ] GC(3) Old regions: 8->8
[2024-08-29T01:20:31.781+0700][gc,heap       ] GC(3) Archive regions: 0->0
[2024-08-29T01:20:31.781+0700][gc,heap       ] GC(3) Humongous regions: 0->0
[2024-08-29T01:20:31.781+0700][gc,metaspace  ] GC(3) Metaspace: 28621K(29440K)->28621K(29440K) NonClass: 25315K(25856K)->25315K(25856K) Class: 3306K(3584K)->3306K(3584K)
[2024-08-29T01:20:31.781+0700][gc            ] GC(3) Pause Young (Normal) (G1 Evacuation Pause) 58M->10M(1024M) 1.961ms
[2024-08-29T01:20:31.781+0700][gc,cpu        ] GC(3) User=0.00s Sys=0.00s Real=0.00s
[2024-08-29T01:20:32.251+0700][gc,start      ] GC(4) Pause Young (Concurrent Start) (Metadata GC Threshold)
[2024-08-29T01:20:32.251+0700][gc,task       ] GC(4) Using 10 workers of 10 for evacuation
[2024-08-29T01:20:32.253+0700][gc,phases     ] GC(4)   Pre Evacuate Collection Set: 0.1ms
[2024-08-29T01:20:32.253+0700][gc,phases     ] GC(4)   Evacuate Collection Set: 1.8ms
[2024-08-29T01:20:32.253+0700][gc,phases     ] GC(4)   Post Evacuate Collection Set: 0.3ms
[2024-08-29T01:20:32.253+0700][gc,phases     ] GC(4)   Other: 0.2ms
[2024-08-29T01:20:32.253+0700][gc,heap       ] GC(4) Eden regions: 40->0(46)
[2024-08-29T01:20:32.253+0700][gc,heap       ] GC(4) Survivor regions: 3->5(7)
[2024-08-29T01:20:32.253+0700][gc,heap       ] GC(4) Old regions: 8->8
[2024-08-29T01:20:32.253+0700][gc,heap       ] GC(4) Archive regions: 0->0
[2024-08-29T01:20:32.253+0700][gc,heap       ] GC(4) Humongous regions: 0->0
[2024-08-29T01:20:32.253+0700][gc,metaspace  ] GC(4) Metaspace: 34869K(35840K)->34869K(35840K) NonClass: 30758K(31232K)->30758K(31232K) Class: 4110K(4608K)->4110K(4608K)
[2024-08-29T01:20:32.253+0700][gc            ] GC(4) Pause Young (Concurrent Start) (Metadata GC Threshold) 49M->11M(1024M) 2.485ms
[2024-08-29T01:20:32.253+0700][gc,cpu        ] GC(4) User=0.00s Sys=0.00s Real=0.00s
[2024-08-29T01:20:32.254+0700][gc            ] GC(5) Concurrent Cycle
[2024-08-29T01:20:32.254+0700][gc,marking    ] GC(5) Concurrent Clear Claimed Marks
[2024-08-29T01:20:32.254+0700][gc,marking    ] GC(5) Concurrent Clear Claimed Marks 0.023ms
[2024-08-29T01:20:32.254+0700][gc,marking    ] GC(5) Concurrent Scan Root Regions
[2024-08-29T01:20:32.254+0700][gc,marking    ] GC(5) Concurrent Scan Root Regions 0.861ms
[2024-08-29T01:20:32.254+0700][gc,marking    ] GC(5) Concurrent Mark (1.714s)
[2024-08-29T01:20:32.254+0700][gc,marking    ] GC(5) Concurrent Mark From Roots
[2024-08-29T01:20:32.254+0700][gc,task       ] GC(5) Using 3 workers of 3 for marking
[2024-08-29T01:20:32.256+0700][gc,marking    ] GC(5) Concurrent Mark From Roots 1.883ms
[2024-08-29T01:20:32.256+0700][gc,marking    ] GC(5) Concurrent Preclean
[2024-08-29T01:20:32.256+0700][gc,marking    ] GC(5) Concurrent Preclean 0.100ms
[2024-08-29T01:20:32.257+0700][gc,marking    ] GC(5) Concurrent Mark (1.714s, 1.716s) 2.082ms
[2024-08-29T01:20:32.257+0700][gc,start      ] GC(5) Pause Remark
[2024-08-29T01:20:32.258+0700][gc,stringtable] GC(5) Cleaned string and symbol table, strings: 12699 processed, 13 removed, symbols: 101560 processed, 33 removed
[2024-08-29T01:20:32.258+0700][gc            ] GC(5) Pause Remark 12M->12M(1024M) 1.361ms
[2024-08-29T01:20:32.258+0700][gc,cpu        ] GC(5) User=0.00s Sys=0.00s Real=0.00s
[2024-08-29T01:20:32.258+0700][gc,marking    ] GC(5) Concurrent Rebuild Remembered Sets
[2024-08-29T01:20:32.259+0700][gc,marking    ] GC(5) Concurrent Rebuild Remembered Sets 1.056ms
[2024-08-29T01:20:32.259+0700][gc,start      ] GC(5) Pause Cleanup
[2024-08-29T01:20:32.259+0700][gc            ] GC(5) Pause Cleanup 12M->12M(1024M) 0.080ms
[2024-08-29T01:20:32.259+0700][gc,cpu        ] GC(5) User=0.00s Sys=0.00s Real=0.00s
[2024-08-29T01:20:32.259+0700][gc,marking    ] GC(5) Concurrent Cleanup for Next Mark
[2024-08-29T01:20:32.259+0700][gc,marking    ] GC(5) Concurrent Cleanup for Next Mark 0.819ms
[2024-08-29T01:20:32.259+0700][gc            ] GC(5) Concurrent Cycle 6.684ms
[2024-08-29T01:20:32.503+0700][gc,start      ] GC(6) Pause Young (Normal) (G1 Evacuation Pause)
[2024-08-29T01:20:32.503+0700][gc,task       ] GC(6) Using 10 workers of 10 for evacuation
[2024-08-29T01:20:32.506+0700][gc,phases     ] GC(6)   Pre Evacuate Collection Set: 0.0ms
[2024-08-29T01:20:32.506+0700][gc,phases     ] GC(6)   Evacuate Collection Set: 2.4ms
[2024-08-29T01:20:32.506+0700][gc,phases     ] GC(6)   Post Evacuate Collection Set: 0.4ms
[2024-08-29T01:20:32.506+0700][gc,phases     ] GC(6)   Other: 0.1ms
[2024-08-29T01:20:32.506+0700][gc,heap       ] GC(6) Eden regions: 46->0(47)
[2024-08-29T01:20:32.506+0700][gc,heap       ] GC(6) Survivor regions: 5->4(7)
[2024-08-29T01:20:32.506+0700][gc,heap       ] GC(6) Old regions: 8->10
[2024-08-29T01:20:32.506+0700][gc,heap       ] GC(6) Archive regions: 0->0
[2024-08-29T01:20:32.506+0700][gc,heap       ] GC(6) Humongous regions: 9->9
[2024-08-29T01:20:32.506+0700][gc,metaspace  ] GC(6) Metaspace: 41768K(43136K)->41768K(43136K) NonClass: 36803K(37632K)->36803K(37632K) Class: 4965K(5504K)->4965K(5504K)
[2024-08-29T01:20:32.506+0700][gc            ] GC(6) Pause Young (Normal) (G1 Evacuation Pause) 66M->22M(1024M) 3.073ms
[2024-08-29T01:20:32.506+0700][gc,cpu        ] GC(6) User=0.00s Sys=0.00s Real=0.00s
[2024-08-29T01:20:33.150+0700][gc,start      ] GC(7) Pause Young (Normal) (G1 Evacuation Pause)
[2024-08-29T01:20:33.150+0700][gc,task       ] GC(7) Using 10 workers of 10 for evacuation
[2024-08-29T01:20:33.153+0700][gc,phases     ] GC(7)   Pre Evacuate Collection Set: 0.0ms
[2024-08-29T01:20:33.153+0700][gc,phases     ] GC(7)   Evacuate Collection Set: 2.4ms
[2024-08-29T01:20:33.153+0700][gc,phases     ] GC(7)   Post Evacuate Collection Set: 0.4ms
[2024-08-29T01:20:33.153+0700][gc,phases     ] GC(7)   Other: 0.2ms
[2024-08-29T01:20:33.153+0700][gc,heap       ] GC(7) Eden regions: 47->0(44)
[2024-08-29T01:20:33.153+0700][gc,heap       ] GC(7) Survivor regions: 4->7(7)
[2024-08-29T01:20:33.153+0700][gc,heap       ] GC(7) Old regions: 10->11
[2024-08-29T01:20:33.153+0700][gc,heap       ] GC(7) Archive regions: 0->0
[2024-08-29T01:20:33.153+0700][gc,heap       ] GC(7) Humongous regions: 138->138
[2024-08-29T01:20:33.153+0700][gc,metaspace  ] GC(7) Metaspace: 47306K(48896K)->47306K(48896K) NonClass: 41685K(42496K)->41685K(42496K) Class: 5621K(6400K)->5621K(6400K)
[2024-08-29T01:20:33.153+0700][gc            ] GC(7) Pause Young (Normal) (G1 Evacuation Pause) 198M->155M(1024M) 3.129ms
[2024-08-29T01:20:33.153+0700][gc,cpu        ] GC(7) User=0.00s Sys=0.00s Real=0.00s
[2024-08-29T01:25:33.210+0700][gc,start      ] GC(8) Pause Young (Normal) (G1 Evacuation Pause)
[2024-08-29T01:25:33.210+0700][gc,task       ] GC(8) Using 10 workers of 10 for evacuation
[2024-08-29T01:25:33.213+0700][gc,phases     ] GC(8)   Pre Evacuate Collection Set: 0.0ms
[2024-08-29T01:25:33.213+0700][gc,phases     ] GC(8)   Evacuate Collection Set: 3.1ms
[2024-08-29T01:25:33.213+0700][gc,phases     ] GC(8)   Post Evacuate Collection Set: 0.4ms
[2024-08-29T01:25:33.213+0700][gc,phases     ] GC(8)   Other: 0.2ms
[2024-08-29T01:25:33.213+0700][gc,heap       ] GC(8) Eden regions: 44->0(49)
[2024-08-29T01:25:33.213+0700][gc,heap       ] GC(8) Survivor regions: 7->2(7)
[2024-08-29T01:25:33.213+0700][gc,heap       ] GC(8) Old regions: 11->18
[2024-08-29T01:25:33.213+0700][gc,heap       ] GC(8) Archive regions: 0->0
[2024-08-29T01:25:33.213+0700][gc,heap       ] GC(8) Humongous regions: 144->138
[2024-08-29T01:25:33.213+0700][gc,metaspace  ] GC(8) Metaspace: 50731K(52736K)->50731K(52736K) NonClass: 44547K(45568K)->44547K(45568K) Class: 6183K(7168K)->6183K(7168K)
[2024-08-29T01:25:33.213+0700][gc            ] GC(8) Pause Young (Normal) (G1 Evacuation Pause) 205M->157M(1024M) 3.844ms
[2024-08-29T01:25:33.213+0700][gc,cpu        ] GC(8) User=0.00s Sys=0.00s Real=0.00s
[2024-08-29T01:34:47.513+0700][gc,start      ] GC(9) Pause Young (Normal) (G1 Evacuation Pause)
[2024-08-29T01:34:47.513+0700][gc,task       ] GC(9) Using 10 workers of 10 for evacuation
[2024-08-29T01:34:47.514+0700][gc,phases     ] GC(9)   Pre Evacuate Collection Set: 0.0ms
[2024-08-29T01:34:47.514+0700][gc,phases     ] GC(9)   Evacuate Collection Set: 1.3ms
[2024-08-29T01:34:47.514+0700][gc,phases     ] GC(9)   Post Evacuate Collection Set: 0.3ms
[2024-08-29T01:34:47.514+0700][gc,phases     ] GC(9)   Other: 0.2ms
[2024-08-29T01:34:47.514+0700][gc,heap       ] GC(9) Eden regions: 49->0(49)
[2024-08-29T01:34:47.514+0700][gc,heap       ] GC(9) Survivor regions: 2->2(7)
[2024-08-29T01:34:47.514+0700][gc,heap       ] GC(9) Old regions: 18->18
[2024-08-29T01:34:47.514+0700][gc,heap       ] GC(9) Archive regions: 0->0
[2024-08-29T01:34:47.514+0700][gc,heap       ] GC(9) Humongous regions: 138->138
[2024-08-29T01:34:47.514+0700][gc,metaspace  ] GC(9) Metaspace: 51284K(53632K)->51284K(53632K) NonClass: 45062K(46336K)->45062K(46336K) Class: 6221K(7296K)->6221K(7296K)
[2024-08-29T01:34:47.514+0700][gc            ] GC(9) Pause Young (Normal) (G1 Evacuation Pause) 206M->157M(1024M) 2.001ms
[2024-08-29T01:34:47.514+0700][gc,cpu        ] GC(9) User=0.00s Sys=0.00s Real=0.00s
